// Jest Snapshot v1, https://goo.gl/fbAQLP

exports[`PasswordVerificationForm Should render successfully 1`] = `
<body>
  <div>
    <form
      class="passwordVerificationForm"
    >
      <div
        class="formInput showPassword"
      >
        <label
          for="password"
        >
          Your new password
        </label>
        <input
          id="password"
          name="password"
          placeholder=""
          style="margin-bottom: 5px;"
          type="password"
        />
        <div
          class="togglePassword"
        />
      </div>
      <div
        class="formInput showPassword"
      >
        <label
          for="reEnterpassword"
        >
          Re-enter your new password
        </label>
        <input
          id="reEnterpassword"
          name="reEnterpassword"
          placeholder=""
          style="margin-bottom: 8px;"
          type="password"
        />
        <div
          class="togglePassword"
        />
      </div>
      <div
        class="rt-Flex rt-r-fd-row rt-r-cg-3 rt-r-rg-0 iconStatementWrapper passwordIconStatement"
      >
        <div
          class="rt-Box iconStatementLeft"
        >
          <span
            class="iconStatementLeftSpan"
            style="border-radius: 0; height: 16px; display: inline-flex; align-items: center; justify-content: center;"
          >
            <span
              class="icon icon-highlight-off"
              style="width: 16px; height: 16px;"
            />
          </span>
        </div>
        <div
          class="rt-Box iconStatementRight"
        >
          <h4
            class="rt-Heading rt-r-size-6 headingContainer mocked-class-name typography-font-family-default"
          >
            Minimum of 8 characters
          </h4>
        </div>
      </div>
      <div
        class="rt-Flex rt-r-fd-row rt-r-cg-3 rt-r-rg-0 iconStatementWrapper passwordIconStatement"
      >
        <div
          class="rt-Box iconStatementLeft"
        >
          <span
            class="iconStatementLeftSpan"
            style="border-radius: 0; height: 16px; display: inline-flex; align-items: center; justify-content: center;"
          >
            <span
              class="icon icon-highlight-off"
              style="width: 16px; height: 16px;"
            />
          </span>
        </div>
        <div
          class="rt-Box iconStatementRight"
        >
          <h4
            class="rt-Heading rt-r-size-6 headingContainer mocked-class-name typography-font-family-default"
          >
            A mix of upper and lowercase
          </h4>
        </div>
      </div>
      <div
        class="rt-Flex rt-r-fd-row rt-r-cg-3 rt-r-rg-0 iconStatementWrapper passwordIconStatement"
      >
        <div
          class="rt-Box iconStatementLeft"
        >
          <span
            class="iconStatementLeftSpan"
            style="border-radius: 0; height: 16px; display: inline-flex; align-items: center; justify-content: center;"
          >
            <span
              class="icon icon-highlight-off"
              style="width: 16px; height: 16px;"
            />
          </span>
        </div>
        <div
          class="rt-Box iconStatementRight"
        >
          <h4
            class="rt-Heading rt-r-size-6 headingContainer mocked-class-name typography-font-family-default"
          >
            A number or a symbol
          </h4>
        </div>
      </div>
      <div
        style="margin: 16px 0px;"
      >
        <div
          class="rt-Flex rt-r-fd-row rt-r-cg-3 rt-r-rg-0 iconStatementWrapper passwordIconStatement"
        >
          <div
            class="rt-Box iconStatementLeft"
          >
            <span
              class="iconStatementLeftSpan"
              style="border-radius: 0; height: 16px; display: inline-flex; align-items: center; justify-content: center;"
            >
              <span
                class="icon icon-highlight-off"
                style="width: 16px; height: 16px;"
              />
            </span>
          </div>
          <div
            class="rt-Box iconStatementRight"
          >
            <h4
              class="rt-Heading rt-r-size-6 headingContainer mocked-class-name typography-font-family-default"
            >
              New password re-entered correctly?
            </h4>
          </div>
        </div>
      </div>
      <div
        class="rt-Flex rt-r-display-flex rt-r-fd-row rt-r-gap-3 buttonGroupContainer passwordButtonGroup"
      >
        <button
          aria-label="Cancel"
          class="rt-reset rt-BaseButton rt-r-size-2 rt-variant-solid rt-Button wvButton lg secondary none rt-Box buttonWrapper"
          data-accent-color=""
          type="reset"
        >
          <div
            class="buttonContent textOnly"
          >
            <span>
              Cancel
            </span>
          </div>
        </button>
        <button
          aria-label="Save"
          class="rt-reset rt-BaseButton rt-r-size-2 rt-variant-solid rt-Button wvButton lg primary none rt-Box buttonWrapper"
          data-accent-color=""
          data-disabled="true"
          disabled=""
          type="submit"
        >
          <div
            class="buttonContent textOnly"
          >
            <span>
              Save
            </span>
          </div>
        </button>
      </div>
    </form>
  </div>
</body>
`;
