// Jest Snapshot v1, https://goo.gl/fbAQLP

exports[`ChangePassword Should render successfully 1`] = `
<body>
  <div>
    <div
      class="rt-reset rt-BaseCard rt-Card rt-r-size-1 rt-variant-surface container size-3 inverse"
    >
      <div
        class="rt-Box formLayout"
      >
        <h1
          class="rt-Heading rt-r-size-6 headingContainer mocked-class-name typography-font-family-default headingSection"
          id=""
        >
          Password
        </h1>
        <div
          class="rt-Flex rt-r-display-flex rt-r-fd-row rt-r-gap-3 buttonGroupContainer passwordButtonGroup"
        >
          <button
            aria-label="Edit"
            class="rt-reset rt-BaseButton rt-r-size-2 rt-variant-solid rt-Button wvButton xl secondary none rt-Box buttonWrapper"
            data-accent-color=""
            type="button"
          >
            <div
              class="buttonContent iconLeft"
            >
              <span>
                Edit
              </span>
              <span
                class="icon"
                style="border-radius: 0; display: grid; align-items: center; justify-content: center;"
              >
                <span
                  class="icon icon-edit"
                />
              </span>
            </div>
          </button>
        </div>
      </div>
    </div>
  </div>
</body>
`;
