// Jest Snapshot v1, https://goo.gl/fbAQLP

exports[`PartnerLogo should render successfully 1`] = `
<body>
  <div>
    <div
      class="imageGroupContainer"
    >
      <a
        class="rt-Text rt-reset rt-Link rt-underline-auto link body-md"
        data-accent-color=""
        href="https://giveconfidently.ca/accredited-member/world-vision-canada-vision-mondiale-canada/"
        tabindex="0"
        target="_blank"
      >
        <img
          alt="p1"
          aria-hidden="true"
          class="rt-Skeleton imgWrapper icon icon-content-accredited-member"
          inert=""
          src=""
          style="--imgWidth: 126px; --imgHeight: 40px;"
          tabindex="-1"
        />
      </a>
      <a
        class="rt-Text rt-reset rt-Link rt-underline-auto link body-md"
        data-accent-color=""
        href="https://www.bbb.org/"
        tabindex="0"
        target="_blank"
      >
        <img
          alt="p2"
          aria-hidden="true"
          class="rt-Skeleton imgWrapper icon icon-content-bbb"
          inert=""
          src=""
          style="--imgWidth: 102px; --imgHeight: 40px;"
          tabindex="-1"
        />
      </a>
      <a
        class="rt-Text rt-reset rt-Link rt-underline-auto link body-md"
        data-accent-color=""
        href="https://www.imaginecanada.ca/en"
        tabindex="0"
        target="_blank"
      >
        <img
          alt="p3"
          aria-hidden="true"
          class="rt-Skeleton imgWrapper icon icon-content-imagine-canada"
          inert=""
          src=""
          style="--imgWidth: 135px; --imgHeight: 40px;"
          tabindex="-1"
        />
      </a>
      <a
        class="rt-Text rt-reset rt-Link rt-underline-auto link body-md"
        data-accent-color=""
        href="https://www.worldvision.ca/humanitarian-coalition"
        tabindex="0"
        target="_blank"
      >
        <img
          alt="p4"
          aria-hidden="true"
          class="rt-Skeleton imgWrapper icon icon-content-hc"
          inert=""
          src=""
          style="--imgWidth: 135px; --imgHeight: 40px;"
          tabindex="-1"
        />
      </a>
    </div>
  </div>
</body>
`;
