// Jest Snapshot v1, https://goo.gl/fbAQLP

exports[`CalloutMolecule should render successfully 1`] = `
<body>
  <div>
    <div
      class="rt-CalloutRoot rt-r-size-2 rt-variant-soft rt-Flex rt-r-ai-stretch rt-r-jc-center calloutRoot info"
      data-accent-color=""
    >
      <div
        class="rt-Box callout"
      >
        <div
          class="rt-Box contentbox"
        >
          <p
            class="rt-Text rt-r-size-2 rt-CalloutText title body-md typography-font-weight-semibold"
          >
            Your subscription has expired
          </p>
          <div
            class="rt-Box body-sm typography-font-weight-regular"
          >
            Vitae adipiscing venenatis sodales sed accumsan cursus augue ornare ut. Ut. Sed quis integer nec est. Efficitur risus orci, in platea sodales ut.
          </div>
        </div>
      </div>
    </div>
  </div>
</body>
`;
